r10 r11 r12 r13 r14 r15 r8 r9 rax rbp rbx rcx rdi rdx rsi %variableK2JK7XK90G
r11 r10 r12 r13 r14 r15 r8 r9 rax rbp rbx rcx rdi rdx rsi %variableK2JK7XK90G
r12 r10 r11 r13 r14 r15 r8 r9 rax rbp rbx rcx rdi rdx rsi %variableK2JK7XK90G
r13 r10 r11 r12 r14 r15 r8 r9 rax rbp rbx rcx rdi rdx rsi %variableK2JK7XK90G
r14 r10 r11 r12 r13 r15 r8 r9 rax rbp rbx rcx rdi rdx rsi %variableK2JK7XK90G
r15 r10 r11 r12 r13 r14 r8 r9 rax rbp rbx rcx rdi rdx rsi %variableK2JK7XK90G
r8 r10 r11 r12 r13 r14 r15 r9 rax rbp rbx rcx rdi rdx rsi %variableK2JK7XK90G
r9 r10 r11 r12 r13 r14 r15 r8 rax rbp rbx rcx rdi rdx rsi %variableK2JK7XK90G
rax r10 r11 r12 r13 r14 r15 r8 r9 rbp rbx rcx rdi rdx rsi %variableK2JK7XK90G
rbp r10 r11 r12 r13 r14 r15 r8 r9 rax rbx rcx rdi rdx rsi %variableK2JK7XK90G
rbx r10 r11 r12 r13 r14 r15 r8 r9 rax rbp rcx rdi rdx rsi %variableK2JK7XK90G
rcx r10 r11 r12 r13 r14 r15 r8 r9 rax rbp rbx rdi rdx rsi %variableK2JK7XK90G
rdi r10 r11 r12 r13 r14 r15 r8 r9 rax rbp rbx rcx rdx rsi %variableK2JK7XK90G
rdx r10 r11 r12 r13 r14 r15 r8 r9 rax rbp rbx rcx rdi rsi %variableK2JK7XK90G
rsi r10 r11 r12 r13 r14 r15 r8 r9 rax rbp rbx rcx rdi rdx %variableK2JK7XK90G
%variableK2JK7XK90G r10 r11 r12 r13 r14 r15 r8 r9 rax rbp rbx rcx rdi rdx rsi
