r10 r11 r12 r13 r14 r15 r8 r9 rax rbp rbx rcx rdi rdx rsi %var1 %variableMFJNBHOSRL
r11 r10 r12 r13 r14 r15 r8 r9 rax rbp rbx rcx rdi rdx rsi %var1 %variableMFJNBHOSRL
r12 r10 r11 r13 r14 r15 r8 r9 rax rbp rbx rcx rdi rdx rsi %variableMFJNBHOSRL
r13 r10 r11 r12 r14 r15 r8 r9 rax rbp rbx rcx rdi rdx rsi %var1 %variableMFJNBHOSRL
r14 r10 r11 r12 r13 r15 r8 r9 rax rbp rbx rcx rdi rdx rsi %var1 %variableMFJNBHOSRL
r15 r10 r11 r12 r13 r14 r8 r9 rax rbp rbx rcx rdi rdx rsi %var1 %variableMFJNBHOSRL
r8 r10 r11 r12 r13 r14 r15 r9 rax rbp rbx rcx rdi rdx rsi %var1 %variableMFJNBHOSRL
r9 r10 r11 r12 r13 r14 r15 r8 rax rbp rbx rcx rdi rdx rsi %var1 %variableMFJNBHOSRL
rax r10 r11 r12 r13 r14 r15 r8 r9 rbp rbx rcx rdi rdx rsi %var1 %variableMFJNBHOSRL
rbp r10 r11 r12 r13 r14 r15 r8 r9 rax rbx rcx rdi rdx rsi %var1 %variableMFJNBHOSRL
rbx r10 r11 r12 r13 r14 r15 r8 r9 rax rbp rcx rdi rdx rsi %var1 %variableMFJNBHOSRL
rcx r10 r11 r12 r13 r14 r15 r8 r9 rax rbp rbx rdi rdx rsi %var1 %variableMFJNBHOSRL
rdi r10 r11 r12 r13 r14 r15 r8 r9 rax rbp rbx rcx rdx rsi %var1 %variableMFJNBHOSRL
rdx r10 r11 r12 r13 r14 r15 r8 r9 rax rbp rbx rcx rdi rsi %var1 %variableMFJNBHOSRL
rsi r10 r11 r12 r13 r14 r15 r8 r9 rax rbp rbx rcx rdi rdx %var1 %variableMFJNBHOSRL
%var1 r10 r11 r13 r14 r15 r8 r9 rax rbp rbx rcx rdi rdx rsi %variableMFJNBHOSRL
%variableMFJNBHOSRL r10 r11 r12 r13 r14 r15 r8 r9 rax rbp rbx rcx rdi rdx rsi %var1
