(
(in
(r12 r13 r14 r15 rax rbp rbx)
(r12 r13 r14 r15 rax rbp %variableVIZ0XN784J)
(r12 r13 r14 r15 rax rbp rbx %variableVIZ0XN784J)
(r12 r13 r14 r15 rax rbp %variableVIZ0XN784J)
(r12 r13 r14 r15 rax rbp rbx)
)

(out
(r12 r13 r14 r15 rax rbp %variableVIZ0XN784J)
(r12 r13 r14 r15 rax rbp rbx %variableVIZ0XN784J)
(r12 r13 r14 r15 rax rbp %variableVIZ0XN784J)
(r12 r13 r14 r15 rax rbp rbx)
()
)

)
