(
(in
(r12 r13 r14 r15 rbp rbx)
(r13 r14 r15 rbp rbx %variableWJX6MPTN41)
(r13 r14 r15 rbp rbx rdi %variableWJX6MPTN41)
(r13 r14 r15 rbp rbx rdi rsi %variableWJX6MPTN41)
(r13 r14 r15 rax rbp rbx %variableWJX6MPTN41)
(r12 r13 r14 r15 rbp rbx %variableWJX6MPTN41)
(r13 r14 r15 rbp rbx rdi %variableWJX6MPTN41)
(r13 r14 r15 rbp rbx rdi %variableWJX6MPTN41)
(r13 r14 r15 rax rbp rbx %variableWJX6MPTN41)
(r13 r14 r15 rax rbp rbx %variableWJX6MPTN41)
(r12 r13 r14 r15 rax rbp rbx)
)

(out
(r13 r14 r15 rbp rbx %variableWJX6MPTN41)
(r13 r14 r15 rbp rbx rdi %variableWJX6MPTN41)
(r13 r14 r15 rbp rbx rdi rsi %variableWJX6MPTN41)
(r13 r14 r15 rax rbp rbx %variableWJX6MPTN41)
(r12 r13 r14 r15 rbp rbx %variableWJX6MPTN41)
(r13 r14 r15 rbp rbx rdi %variableWJX6MPTN41)
(r13 r14 r15 rbp rbx rdi %variableWJX6MPTN41)
(r13 r14 r15 rax rbp rbx %variableWJX6MPTN41)
(r13 r14 r15 rax rbp rbx %variableWJX6MPTN41)
(r12 r13 r14 r15 rax rbp rbx)
()
)

)
