(
(in
(r12 r13 r14 r15 rbp rbx)
(r13 r14 r15 rbp rbx %variableK1MKK5A9B6)
(r12 r13 r14 r15 rbp rbx %variableK1MKK5A9B6)
(r13 r14 r15 rbp rbx rdi %variableK1MKK5A9B6)
(r13 r14 r15 rbp rbx %variableK1MKK5A9B6)
(r13 r14 r15 rbp rbx %var1 %variableK1MKK5A9B6)
(r13 r14 r15 rbp rbx %var1 %variableK1MKK5A9B6)
(r13 r14 r15 rax rbp rbx %var1 %variableK1MKK5A9B6)
(r13 r14 r15 rax rbp rbx %var1 %variableK1MKK5A9B6)
(r13 r14 r15 rax rbp rbx %variableK1MKK5A9B6)
(r12 r13 r14 r15 rax rbp rbx)
)

(out
(r13 r14 r15 rbp rbx %variableK1MKK5A9B6)
(r12 r13 r14 r15 rbp rbx %variableK1MKK5A9B6)
(r13 r14 r15 rbp rbx rdi %variableK1MKK5A9B6)
(r13 r14 r15 rbp rbx %variableK1MKK5A9B6)
(r13 r14 r15 rbp rbx %var1 %variableK1MKK5A9B6)
(r13 r14 r15 rbp rbx %var1 %variableK1MKK5A9B6)
(r13 r14 r15 rax rbp rbx %var1 %variableK1MKK5A9B6)
(r13 r14 r15 rax rbp rbx %var1 %variableK1MKK5A9B6)
(r13 r14 r15 rax rbp rbx %variableK1MKK5A9B6)
(r12 r13 r14 r15 rax rbp rbx)
()
)

)
