{s:12, 2, 3, 3, 0, 0, 0, 0, 0, 0, 0, 0, 0}
ERROR: instruction 11 attempted to use position 3 in the dimension 0 of a tensor that only has 3 positions in that dimension
