{s:28, 3, 2, 3, 4, 0, 0, 0, 0, 0, 0, 0, 0, 0, 0, 0, 0, 0, 0, 0, 0, 0, 0, 0, 0, 0, 0, 0, 0}
ERROR: instruction 13 attempted to use position 2 in the dimension 0 of a tensor that only has 2 positions in that dimension
