{s:7, 2, 2, 2, 0, 0, 0, 0}
ERROR: instruction 13 attempted to use position 2 in the dimension 0 of a tensor that only has 2 positions in that dimension
