{s:4, 1, 2, 0, 0}
ERROR: instruction 9 attempted to use position 2 in an array that only has 2 positions
