{s:1, 4}
{s:2, 4, 4}
{s:3, 4, 4, 4}
{s:4, 4, 4, 4, 4}
{s:5, 4, 4, 4, 4, 4}
{s:4, 4, 4, 4, 4}
{s:3, 4, 4, 4}
{s:2, 4, 4}
{s:1, 4}
