{s:8, 1337, 1338, 1339, 1340, 1341, 1342, 1343, 1344}
