{s:7, 1, 1, 1, 1, 1, 1, 1}
{s:7, 1, 1, 1, 1, 1, 1, 1}
