154
1
1
5000
{s:4, {s:3, 3, 3, 3}, {s:3, 3, 3, 3}, {s:3, 3, 3, 3}, {s:3, 3, 3, 3}}
29
