{s:4, {s:6, 0, 0, 0, 0, 0, 0}, {s:6, 0, 0, 0, 0, 0, 0}, {s:6, 0, 0, 0, 0, 0, 0}, {s:6, 0, 0, 0, 0, 0, 0}}
{s:4, {s:6, 1, 0, 0, 0, 0, 0}, {s:6, 0, 0, 0, 0, 0, 0}, {s:6, 0, 0, 0, 0, 0, 0}, {s:6, 0, 0, 0, 0, 0, 0}}
