{s:1, 3}
{s:4, {s:3, {s:1, 2}, {s:1, 2}, {s:1, 2}}, {s:3, {s:1, 2}, {s:1, 2}, {s:1, 2}}, {s:3, {s:1, 2}, {s:1, 2}, {s:1, 2}}, {s:3, {s:1, 2}, {s:1, 2}, {s:1, 2}}}
5
5
