{s:1, 5}
{s:2, 5, 5}
{s:3, 5, 5, 5}
{s:4, 5, 5, 5, 5}
{s:3, 5, 5, 5}
{s:2, 5, 5}
{s:1, 5}
