ERROR: instruction 2 attempted to use position 4 in an array that only has 1 position
