{s:12, 1, 10, 3, 5, 7, 11, 3, 7, 5, 21, 23, 17}
23
